

================================================================
== Vitis HLS Report for 'fir'
================================================================
* Date:           Thu Oct  1 21:48:10 2026

* Version:        2024.2 (Build 5238294 on Nov  8 2024)
* Project:        fir.comp
* Solution:       hls (Vivado IP Flow Target)
* Product family: zynq
* Target device:  xc7z020-clg400-1


================================================================
== Performance Estimates
================================================================
+ Timing: 
    * Summary: 
    +--------+----------+----------+------------+
    |  Clock |  Target  | Estimated| Uncertainty|
    +--------+----------+----------+------------+
    |ap_clk  |  10.00 ns|  6.712 ns|     2.70 ns|
    +--------+----------+----------+------------+

+ Latency: 
    * Summary: 
    +---------+---------+----------+----------+-----+-----+---------+
    |  Latency (cycles) |  Latency (absolute) |  Interval | Pipeline|
    |   min   |   max   |    min   |    max   | min | max |   Type  |
    +---------+---------+----------+----------+-----+-----+---------+
    |      267|      267|  2.670 us|  2.670 us|  268|  268|       no|
    +---------+---------+----------+----------+-----+-----+---------+

    + Detail: 
        * Instance: 
        +----------------------------+------------------+---------+---------+----------+----------+-----+-----+------------------------------------------------+
        |                            |                  |  Latency (cycles) |  Latency (absolute) |  Interval |                    Pipeline                    |
        |          Instance          |      Module      |   min   |   max   |    min   |    max   | min | max |                      Type                      |
        +----------------------------+------------------+---------+---------+----------+----------+-----+-----+------------------------------------------------+
        |grp_fir_Pipeline_TDL_fu_59  |fir_Pipeline_TDL  |      129|      129|  1.290 us|  1.290 us|  128|  128|  loop auto-rewind stp (delay=0 clock cycles(s))|
        |grp_fir_Pipeline_MAC_fu_65  |fir_Pipeline_MAC  |      133|      133|  1.330 us|  1.330 us|  129|  129|  loop auto-rewind stp (delay=0 clock cycles(s))|
        +----------------------------+------------------+---------+---------+----------+----------+-----+-----+------------------------------------------------+

        * Loop: 
        N/A



================================================================
== Utilization Estimates
================================================================
* Summary: 
+-----------------+---------+-----+--------+-------+-----+
|       Name      | BRAM_18K| DSP |   FF   |  LUT  | URAM|
+-----------------+---------+-----+--------+-------+-----+
|DSP              |        -|    -|       -|      -|    -|
|Expression       |        -|    -|       0|      2|    -|
|FIFO             |        -|    -|       -|      -|    -|
|Instance         |        0|    1|     120|    179|    -|
|Memory           |        1|    -|       0|      0|    0|
|Multiplexer      |        -|    -|       0|     92|    -|
|Register         |        -|    -|       8|      -|    -|
+-----------------+---------+-----+--------+-------+-----+
|Total            |        1|    1|     128|    273|    0|
+-----------------+---------+-----+--------+-------+-----+
|Available        |      280|  220|  106400|  53200|    0|
+-----------------+---------+-----+--------+-------+-----+
|Utilization (%)  |       ~0|   ~0|      ~0|     ~0|    0|
+-----------------+---------+-----+--------+-------+-----+

+ Detail: 
    * Instance: 
    +----------------------------+------------------+---------+----+-----+-----+-----+
    |          Instance          |      Module      | BRAM_18K| DSP|  FF | LUT | URAM|
    +----------------------------+------------------+---------+----+-----+-----+-----+
    |grp_fir_Pipeline_MAC_fu_65  |fir_Pipeline_MAC  |        0|   1|  103|  113|    0|
    |grp_fir_Pipeline_TDL_fu_59  |fir_Pipeline_TDL  |        0|   0|   17|   66|    0|
    +----------------------------+------------------+---------+----+-----+-----+-----+
    |Total                       |                  |        0|   1|  120|  179|    0|
    +----------------------------+------------------+---------+----+-----+-----+-----+

    * DSP: 
    N/A

    * Memory: 
    +-------------+-------------------------+---------+---+----+-----+------+-----+------+-------------+
    |    Memory   |          Module         | BRAM_18K| FF| LUT| URAM| Words| Bits| Banks| W*Bits*Banks|
    +-------------+-------------------------+---------+---+----+-----+------+-----+------+-------------+
    |shift_reg_U  |shift_reg_RAM_AUTO_1R1W  |        1|  0|   0|    0|   128|   16|     1|         2048|
    +-------------+-------------------------+---------+---+----+-----+------+-----+------+-------------+
    |Total        |                         |        1|  0|   0|    0|   128|   16|     1|         2048|
    +-------------+-------------------------+---------+---+----+-----+------+-----+------+-------------+

    * FIFO: 
    N/A

    * Expression: 
    +---------------+----------+----+---+----+------------+------------+
    | Variable Name | Operation| DSP| FF| LUT| Bitwidth P0| Bitwidth P1|
    +---------------+----------+----+---+----+------------+------------+
    |shift_reg_we0  |        or|   0|  0|   2|           1|           1|
    +---------------+----------+----+---+----+------------+------------+
    |Total          |          |   0|  0|   2|           1|           1|
    +---------------+----------+----+---+----+------------+------------+

    * Multiplexer: 
    +--------------------+----+-----------+-----+-----------+
    |        Name        | LUT| Input Size| Bits| Total Bits|
    +--------------------+----+-----------+-----+-----------+
    |ap_NS_fsm           |  37|          7|    1|          7|
    |shift_reg_address0  |  14|          3|    7|         21|
    |shift_reg_ce0       |  14|          3|    1|          3|
    |shift_reg_ce1       |   9|          2|    1|          2|
    |shift_reg_d0        |   9|          2|   16|         32|
    |shift_reg_we0       |   9|          2|    1|          2|
    +--------------------+----+-----------+-----+-----------+
    |Total               |  92|         19|   27|         67|
    +--------------------+----+-----------+-----+-----------+

    * Register: 
    +-----------------------------------------+---+----+-----+-----------+
    |                   Name                  | FF| LUT| Bits| Const Bits|
    +-----------------------------------------+---+----+-----+-----------+
    |ap_CS_fsm                                |  6|   0|    6|          0|
    |grp_fir_Pipeline_MAC_fu_65_ap_start_reg  |  1|   0|    1|          0|
    |grp_fir_Pipeline_TDL_fu_59_ap_start_reg  |  1|   0|    1|          0|
    +-----------------------------------------+---+----+-----+-----------+
    |Total                                    |  8|   0|    8|          0|
    +-----------------------------------------+---+----+-----+-----------+



================================================================
== Interface
================================================================
* Summary: 
+----------+-----+-----+------------+--------------+--------------+
| RTL Ports| Dir | Bits|  Protocol  | Source Object|    C Type    |
+----------+-----+-----+------------+--------------+--------------+
|ap_clk    |   in|    1|  ap_ctrl_hs|           fir|  return value|
|ap_rst    |   in|    1|  ap_ctrl_hs|           fir|  return value|
|ap_start  |   in|    1|  ap_ctrl_hs|           fir|  return value|
|ap_done   |  out|    1|  ap_ctrl_hs|           fir|  return value|
|ap_idle   |  out|    1|  ap_ctrl_hs|           fir|  return value|
|ap_ready  |  out|    1|  ap_ctrl_hs|           fir|  return value|
|y         |  out|   32|      ap_vld|             y|       pointer|
|y_ap_vld  |  out|    1|      ap_vld|             y|       pointer|
|x         |   in|   32|     ap_none|             x|        scalar|
+----------+-----+-----+------------+--------------+--------------+

