

================================================================
== Vitis HLS Report for 'fir'
================================================================
* Date:           Thu Oct  1 21:56:46 2026

* Version:        2024.2 (Build 5238294 on Nov  8 2024)
* Project:        fir.comp
* Solution:       hls (Vivado IP Flow Target)
* Product family: zynq
* Target device:  xc7z020-clg400-1


================================================================
== Performance Estimates
================================================================
+ Timing: 
    * Summary: 
    +--------+----------+----------+------------+
    |  Clock |  Target  | Estimated| Uncertainty|
    +--------+----------+----------+------------+
    |ap_clk  |  10.00 ns|  5.328 ns|     2.70 ns|
    +--------+----------+----------+------------+

+ Latency: 
    * Summary: 
    +---------+---------+----------+----------+-----+-----+---------+
    |  Latency (cycles) |  Latency (absolute) |  Interval | Pipeline|
    |   min   |   max   |    min   |    max   | min | max |   Type  |
    +---------+---------+----------+----------+-----+-----+---------+
    |      134|      134|  1.340 us|  1.340 us|  135|  135|       no|
    +---------+---------+----------+----------+-----+-----+---------+

    + Detail: 
        * Instance: 
        +------------------------------------------+-------------------------------+---------+---------+----------+----------+-----+-----+------------------------------------------------+
        |                                          |                               |  Latency (cycles) |  Latency (absolute) |  Interval |                    Pipeline                    |
        |                 Instance                 |             Module            |   min   |   max   |    min   |    max   | min | max |                      Type                      |
        +------------------------------------------+-------------------------------+---------+---------+----------+----------+-----+-----+------------------------------------------------+
        |grp_fir_Pipeline_Shift_Accum_Loop_fu_309  |fir_Pipeline_Shift_Accum_Loop  |      132|      132|  1.320 us|  1.320 us|  127|  127|  loop auto-rewind stp (delay=0 clock cycles(s))|
        +------------------------------------------+-------------------------------+---------+---------+----------+----------+-----+-----+------------------------------------------------+

        * Loop: 
        N/A



================================================================
== Utilization Estimates
================================================================
* Summary: 
+-----------------+---------+-----+--------+-------+-----+
|       Name      | BRAM_18K| DSP |   FF   |  LUT  | URAM|
+-----------------+---------+-----+--------+-------+-----+
|DSP              |        -|    -|       -|      -|    -|
|Expression       |        -|    -|       0|     32|    -|
|FIFO             |        -|    -|       -|      -|    -|
|Instance         |        0|    1|    4142|    791|    -|
|Memory           |        -|    -|       -|      -|    -|
|Multiplexer      |        -|    -|       0|     20|    -|
|Register         |        -|    -|      52|      -|    -|
+-----------------+---------+-----+--------+-------+-----+
|Total            |        0|    1|    4194|    843|    0|
+-----------------+---------+-----+--------+-------+-----+
|Available        |      280|  220|  106400|  53200|    0|
+-----------------+---------+-----+--------+-------+-----+
|Utilization (%)  |        0|   ~0|       3|      1|    0|
+-----------------+---------+-----+--------+-------+-----+

+ Detail: 
    * Instance: 
    +------------------------------------------+-------------------------------+---------+----+------+-----+-----+
    |                 Instance                 |             Module            | BRAM_18K| DSP|  FF  | LUT | URAM|
    +------------------------------------------+-------------------------------+---------+----+------+-----+-----+
    |grp_fir_Pipeline_Shift_Accum_Loop_fu_309  |fir_Pipeline_Shift_Accum_Loop  |        0|   1|  4142|  791|    0|
    +------------------------------------------+-------------------------------+---------+----+------+-----+-----+
    |Total                                     |                               |        0|   1|  4142|  791|    0|
    +------------------------------------------+-------------------------------+---------+----+------+-----+-----+

    * DSP: 
    N/A

    * Memory: 
    N/A

    * FIFO: 
    N/A

    * Expression: 
    +---------------------+----------+----+---+----+------------+------------+
    |    Variable Name    | Operation| DSP| FF| LUT| Bitwidth P0| Bitwidth P1|
    +---------------------+----------+----+---+----+------------+------------+
    |acc_fu_607_p2        |         +|   0|  0|  16|          16|          16|
    |add_ln183_fu_601_p2  |         +|   0|  0|  16|          16|          16|
    +---------------------+----------+----+---+----+------------+------------+
    |Total                |          |   0|  0|  32|          32|          32|
    +---------------------+----------+----+---+----+------------+------------+

    * Multiplexer: 
    +-----------+----+-----------+-----+-----------+
    |    Name   | LUT| Input Size| Bits| Total Bits|
    +-----------+----+-----------+-----+-----------+
    |ap_NS_fsm  |  20|          4|    1|          4|
    +-----------+----+-----------+-----+-----------+
    |Total      |  20|          4|    1|          4|
    +-----------+----+-----------+-----+-----------+

    * Register: 
    +---------------------------------------------------------+----+----+-----+-----------+
    |                           Name                          | FF | LUT| Bits| Const Bits|
    +---------------------------------------------------------+----+----+-----+-----------+
    |acc_2_loc_fu_292                                         |  16|   0|   16|          0|
    |ap_CS_fsm                                                |   3|   0|    3|          0|
    |fir_array_partition_complete_ap_int_5_int_int_shift_reg  |  32|   0|   32|          0|
    |grp_fir_Pipeline_Shift_Accum_Loop_fu_309_ap_start_reg    |   1|   0|    1|          0|
    +---------------------------------------------------------+----+----+-----+-----------+
    |Total                                                    |  52|   0|   52|          0|
    +---------------------------------------------------------+----+----+-----+-----------+



================================================================
== Interface
================================================================
* Summary: 
+----------+-----+-----+------------+--------------+--------------+
| RTL Ports| Dir | Bits|  Protocol  | Source Object|    C Type    |
+----------+-----+-----+------------+--------------+--------------+
|ap_clk    |   in|    1|  ap_ctrl_hs|           fir|  return value|
|ap_rst    |   in|    1|  ap_ctrl_hs|           fir|  return value|
|ap_start  |   in|    1|  ap_ctrl_hs|           fir|  return value|
|ap_done   |  out|    1|  ap_ctrl_hs|           fir|  return value|
|ap_idle   |  out|    1|  ap_ctrl_hs|           fir|  return value|
|ap_ready  |  out|    1|  ap_ctrl_hs|           fir|  return value|
|y         |  out|   32|      ap_vld|             y|       pointer|
|y_ap_vld  |  out|    1|      ap_vld|             y|       pointer|
|x         |   in|   32|     ap_none|             x|        scalar|
+----------+-----+-----+------------+--------------+--------------+

