

================================================================
== Vitis HLS Report for 'fir'
================================================================
* Date:           Thu Oct  1 21:45:40 2026

* Version:        2024.2 (Build 5238294 on Nov  8 2024)
* Project:        fir.comp
* Solution:       hls (Vivado IP Flow Target)
* Product family: zynq
* Target device:  xc7z020-clg400-1


================================================================
== Performance Estimates
================================================================
+ Timing: 
    * Summary: 
    +--------+----------+----------+------------+
    |  Clock |  Target  | Estimated| Uncertainty|
    +--------+----------+----------+------------+
    |ap_clk  |  10.00 ns|  7.024 ns|     2.70 ns|
    +--------+----------+----------+------------+

+ Latency: 
    * Summary: 
    +---------+---------+----------+----------+-----+-----+---------+
    |  Latency (cycles) |  Latency (absolute) |  Interval | Pipeline|
    |   min   |   max   |    min   |    max   | min | max |   Type  |
    +---------+---------+----------+----------+-----+-----+---------+
    |      226|      226|  2.260 us|  2.260 us|  227|  227|       no|
    +---------+---------+----------+----------+-----+-----+---------+

    + Detail: 
        * Instance: 
        +----------------------------+------------------+---------+---------+----------+----------+-----+-----+------------------------------------------------+
        |                            |                  |  Latency (cycles) |  Latency (absolute) |  Interval |                    Pipeline                    |
        |          Instance          |      Module      |   min   |   max   |    min   |    max   | min | max |                      Type                      |
        +----------------------------+------------------+---------+---------+----------+----------+-----+-----+------------------------------------------------+
        |grp_fir_Pipeline_TDL_fu_73  |fir_Pipeline_TDL  |       77|       77|  0.770 us|  0.770 us|   64|   64|  loop auto-rewind stp (delay=0 clock cycles(s))|
        |grp_fir_Pipeline_MAC_fu_83  |fir_Pipeline_MAC  |      143|      143|  1.430 us|  1.430 us|  129|  129|  loop auto-rewind stp (delay=0 clock cycles(s))|
        +----------------------------+------------------+---------+---------+----------+----------+-----+-----+------------------------------------------------+

        * Loop: 
        N/A



================================================================
== Utilization Estimates
================================================================
* Summary: 
+-----------------+---------+-----+--------+-------+-----+
|       Name      | BRAM_18K| DSP |   FF   |  LUT  | URAM|
+-----------------+---------+-----+--------+-------+-----+
|DSP              |        -|    -|       -|      -|    -|
|Expression       |        -|    -|       0|      4|    -|
|FIFO             |        -|    -|       -|      -|    -|
|Instance         |        0|    1|    1107|    970|    -|
|Memory           |        6|    -|       0|      0|    0|
|Multiplexer      |        -|    -|       0|    198|    -|
|Register         |        -|    -|       9|      -|    -|
+-----------------+---------+-----+--------+-------+-----+
|Total            |        6|    1|    1116|   1172|    0|
+-----------------+---------+-----+--------+-------+-----+
|Available        |      280|  220|  106400|  53200|    0|
+-----------------+---------+-----+--------+-------+-----+
|Utilization (%)  |        2|   ~0|       1|      2|    0|
+-----------------+---------+-----+--------+-------+-----+

+ Detail: 
    * Instance: 
    +----------------------------+------------------+---------+----+-----+-----+-----+
    |          Instance          |      Module      | BRAM_18K| DSP|  FF | LUT | URAM|
    +----------------------------+------------------+---------+----+-----+-----+-----+
    |grp_fir_Pipeline_MAC_fu_83  |fir_Pipeline_MAC  |        0|   1|  457|  363|    0|
    |grp_fir_Pipeline_TDL_fu_73  |fir_Pipeline_TDL  |        0|   0|  650|  607|    0|
    +----------------------------+------------------+---------+----+-----+-----+-----+
    |Total                       |                  |        0|   1| 1107|  970|    0|
    +----------------------------+------------------+---------+----+-----+-----+-----+

    * DSP: 
    N/A

    * Memory: 
    +------------------------------------------------+------------------------------------------------------------+---------+---+----+-----+------+-----+------+-------------+
    |                     Memory                     |                           Module                           | BRAM_18K| FF| LUT| URAM| Words| Bits| Banks| W*Bits*Banks|
    +------------------------------------------------+------------------------------------------------------------+---------+---+----+-----+------+-----+------+-------------+
    |fir_loop_unroll_ap_int_5_int_int_shift_reg_1_U  |fir_loop_unroll_ap_int_5_int_int_shift_reg_1_RAM_AUTO_1R1W  |        2|  0|   0|    0|    43|   32|     1|         1376|
    |fir_loop_unroll_ap_int_5_int_int_shift_reg_U    |fir_loop_unroll_ap_int_5_int_int_shift_reg_1_RAM_AUTO_1R1W  |        2|  0|   0|    0|    43|   32|     1|         1376|
    |fir_loop_unroll_ap_int_5_int_int_shift_reg_2_U  |fir_loop_unroll_ap_int_5_int_int_shift_reg_1_RAM_AUTO_1R1W  |        2|  0|   0|    0|    43|   32|     1|         1376|
    +------------------------------------------------+------------------------------------------------------------+---------+---+----+-----+------+-----+------+-------------+
    |Total                                           |                                                            |        6|  0|   0|    0|   129|   96|     3|         4128|
    +------------------------------------------------+------------------------------------------------------------+---------+---+----+-----+------+-----+------+-------------+

    * FIFO: 
    N/A

    * Expression: 
    +--------------------------------------------------+----------+----+---+----+------------+------------+
    |                   Variable Name                  | Operation| DSP| FF| LUT| Bitwidth P0| Bitwidth P1|
    +--------------------------------------------------+----------+----+---+----+------------+------------+
    |fir_loop_unroll_ap_int_5_int_int_shift_reg_1_we0  |        or|   0|  0|   2|           1|           1|
    |fir_loop_unroll_ap_int_5_int_int_shift_reg_we0    |        or|   0|  0|   2|           1|           1|
    +--------------------------------------------------+----------+----+---+----+------------+------------+
    |Total                                             |          |   0|  0|   4|           2|           2|
    +--------------------------------------------------+----------+----+---+----+------------+------------+

    * Multiplexer: 
    +-------------------------------------------------------+----+-----------+-----+-----------+
    |                          Name                         | LUT| Input Size| Bits| Total Bits|
    +-------------------------------------------------------+----+-----------+-----+-----------+
    |ap_NS_fsm                                              |  42|          8|    1|          8|
    |fir_loop_unroll_ap_int_5_int_int_shift_reg_1_address0  |  14|          3|    6|         18|
    |fir_loop_unroll_ap_int_5_int_int_shift_reg_1_ce0       |  14|          3|    1|          3|
    |fir_loop_unroll_ap_int_5_int_int_shift_reg_1_ce1       |   9|          2|    1|          2|
    |fir_loop_unroll_ap_int_5_int_int_shift_reg_1_d0        |   9|          2|   32|         64|
    |fir_loop_unroll_ap_int_5_int_int_shift_reg_1_we0       |   9|          2|    1|          2|
    |fir_loop_unroll_ap_int_5_int_int_shift_reg_2_address0  |  14|          3|    6|         18|
    |fir_loop_unroll_ap_int_5_int_int_shift_reg_2_ce0       |  14|          3|    1|          3|
    |fir_loop_unroll_ap_int_5_int_int_shift_reg_2_ce1       |   9|          2|    1|          2|
    |fir_loop_unroll_ap_int_5_int_int_shift_reg_2_we0       |   9|          2|    1|          2|
    |fir_loop_unroll_ap_int_5_int_int_shift_reg_address0    |  14|          3|    6|         18|
    |fir_loop_unroll_ap_int_5_int_int_shift_reg_ce0         |  14|          3|    1|          3|
    |fir_loop_unroll_ap_int_5_int_int_shift_reg_ce1         |   9|          2|    1|          2|
    |fir_loop_unroll_ap_int_5_int_int_shift_reg_d0          |   9|          2|   32|         64|
    |fir_loop_unroll_ap_int_5_int_int_shift_reg_we0         |   9|          2|    1|          2|
    +-------------------------------------------------------+----+-----------+-----+-----------+
    |Total                                                  | 198|         42|   92|        211|
    +-------------------------------------------------------+----+-----------+-----+-----------+

    * Register: 
    +-----------------------------------------+---+----+-----+-----------+
    |                   Name                  | FF| LUT| Bits| Const Bits|
    +-----------------------------------------+---+----+-----+-----------+
    |ap_CS_fsm                                |  7|   0|    7|          0|
    |grp_fir_Pipeline_MAC_fu_83_ap_start_reg  |  1|   0|    1|          0|
    |grp_fir_Pipeline_TDL_fu_73_ap_start_reg  |  1|   0|    1|          0|
    +-----------------------------------------+---+----+-----+-----------+
    |Total                                    |  9|   0|    9|          0|
    +-----------------------------------------+---+----+-----+-----------+



================================================================
== Interface
================================================================
* Summary: 
+----------+-----+-----+------------+--------------+--------------+
| RTL Ports| Dir | Bits|  Protocol  | Source Object|    C Type    |
+----------+-----+-----+------------+--------------+--------------+
|ap_clk    |   in|    1|  ap_ctrl_hs|           fir|  return value|
|ap_rst    |   in|    1|  ap_ctrl_hs|           fir|  return value|
|ap_start  |   in|    1|  ap_ctrl_hs|           fir|  return value|
|ap_done   |  out|    1|  ap_ctrl_hs|           fir|  return value|
|ap_idle   |  out|    1|  ap_ctrl_hs|           fir|  return value|
|ap_ready  |  out|    1|  ap_ctrl_hs|           fir|  return value|
|y         |  out|   32|      ap_vld|             y|       pointer|
|y_ap_vld  |  out|    1|      ap_vld|             y|       pointer|
|x         |   in|   32|     ap_none|             x|        scalar|
+----------+-----+-----+------------+--------------+--------------+

