

================================================================
== Vitis HLS Report for 'fir'
================================================================
* Date:           Thu Oct  1 21:26:43 2026

* Version:        2024.2 (Build 5238294 on Nov  8 2024)
* Project:        fir.comp
* Solution:       hls (Vivado IP Flow Target)
* Product family: zynq
* Target device:  xc7z020-clg400-1


================================================================
== Performance Estimates
================================================================
+ Timing: 
    * Summary: 
    +--------+----------+----------+------------+
    |  Clock |  Target  | Estimated| Uncertainty|
    +--------+----------+----------+------------+
    |ap_clk  |  10.00 ns|  6.712 ns|     2.70 ns|
    +--------+----------+----------+------------+

+ Latency: 
    * Summary: 
    +---------+---------+----------+----------+-----+-----+---------+
    |  Latency (cycles) |  Latency (absolute) |  Interval | Pipeline|
    |   min   |   max   |    min   |    max   | min | max |   Type  |
    +---------+---------+----------+----------+-----+-----+---------+
    |      135|      135|  1.350 us|  1.350 us|  136|  136|       no|
    +---------+---------+----------+----------+-----+-----+---------+

    + Detail: 
        * Instance: 
        +-----------------------+-------------+---------+---------+----------+----------+-----+-----+---------+
        |                       |             |  Latency (cycles) |  Latency (absolute) |  Interval | Pipeline|
        |        Instance       |    Module   |   min   |   max   |    min   |    max   | min | max |   Type  |
        +-----------------------+-------------+---------+---------+----------+----------+-----+-----+---------+
        |grp_fir_no_cond_fu_43  |fir_no_cond  |      134|      134|  1.340 us|  1.340 us|  134|  134|       no|
        +-----------------------+-------------+---------+---------+----------+----------+-----+-----+---------+

        * Loop: 
        N/A



================================================================
== Utilization Estimates
================================================================
* Summary: 
+-----------------+---------+-----+--------+-------+-----+
|       Name      | BRAM_18K| DSP |   FF   |  LUT  | URAM|
+-----------------+---------+-----+--------+-------+-----+
|DSP              |        -|    -|       -|      -|    -|
|Expression       |        -|    -|       -|      -|    -|
|FIFO             |        -|    -|       -|      -|    -|
|Instance         |        1|    1|     129|    223|    0|
|Memory           |        -|    -|       -|      -|    -|
|Multiplexer      |        -|    -|       0|     14|    -|
|Register         |        -|    -|      35|      -|    -|
+-----------------+---------+-----+--------+-------+-----+
|Total            |        1|    1|     164|    237|    0|
+-----------------+---------+-----+--------+-------+-----+
|Available        |      280|  220|  106400|  53200|    0|
+-----------------+---------+-----+--------+-------+-----+
|Utilization (%)  |       ~0|   ~0|      ~0|     ~0|    0|
+-----------------+---------+-----+--------+-------+-----+

+ Detail: 
    * Instance: 
    +-----------------------+-------------+---------+----+-----+-----+-----+
    |        Instance       |    Module   | BRAM_18K| DSP|  FF | LUT | URAM|
    +-----------------------+-------------+---------+----+-----+-----+-----+
    |grp_fir_no_cond_fu_43  |fir_no_cond  |        1|   1|  129|  223|    0|
    +-----------------------+-------------+---------+----+-----+-----+-----+
    |Total                  |             |        1|   1|  129|  223|    0|
    +-----------------------+-------------+---------+----+-----+-----+-----+

    * DSP: 
    N/A

    * Memory: 
    N/A

    * FIFO: 
    N/A

    * Expression: 
    N/A

    * Multiplexer: 
    +-----------+----+-----------+-----+-----------+
    |    Name   | LUT| Input Size| Bits| Total Bits|
    +-----------+----+-----------+-----+-----------+
    |ap_NS_fsm  |  14|          3|    1|          3|
    +-----------+----+-----------+-----+-----------+
    |Total      |  14|          3|    1|          3|
    +-----------+----+-----------+-----+-----------+

    * Register: 
    +------------------------------------+----+----+-----+-----------+
    |                Name                | FF | LUT| Bits| Const Bits|
    +------------------------------------+----+----+-----+-----------+
    |ap_CS_fsm                           |   2|   0|    2|          0|
    |grp_fir_no_cond_fu_43_ap_start_reg  |   1|   0|    1|          0|
    |x_read_reg_58                       |  32|   0|   32|          0|
    +------------------------------------+----+----+-----+-----------+
    |Total                               |  35|   0|   35|          0|
    +------------------------------------+----+----+-----+-----------+



================================================================
== Interface
================================================================
* Summary: 
+----------+-----+-----+------------+--------------+--------------+
| RTL Ports| Dir | Bits|  Protocol  | Source Object|    C Type    |
+----------+-----+-----+------------+--------------+--------------+
|ap_clk    |   in|    1|  ap_ctrl_hs|           fir|  return value|
|ap_rst    |   in|    1|  ap_ctrl_hs|           fir|  return value|
|ap_start  |   in|    1|  ap_ctrl_hs|           fir|  return value|
|ap_done   |  out|    1|  ap_ctrl_hs|           fir|  return value|
|ap_idle   |  out|    1|  ap_ctrl_hs|           fir|  return value|
|ap_ready  |  out|    1|  ap_ctrl_hs|           fir|  return value|
|y         |  out|   32|      ap_vld|             y|       pointer|
|y_ap_vld  |  out|    1|      ap_vld|             y|       pointer|
|x         |   in|   32|     ap_none|             x|        scalar|
+----------+-----+-----+------------+--------------+--------------+

